<html>
<body>
<pre>
<h1>礦ision Build Log</h1>
<h2>Project:</h2>
D:\单片机工程文件\STM32程序\STM32F429\STM32F429_Test\Project\RVMDK（uv5）\STM32F429_Test.uvproj
Project File Date:  08/16/2017

<h2>Output:</h2>
Rebuild target 'STM32F429_Test'
assembling startup_stm32f429_439xx.s...
compiling system_stm32f4xx.c...
compiling misc.c...
compiling stm32f4xx_adc.c...
compiling stm32f4xx_can.c...
compiling stm32f4xx_cec.c...
compiling stm32f4xx_crc.c...
compiling stm32f4xx_cryp.c...
compiling stm32f4xx_cryp_aes.c...
compiling stm32f4xx_cryp_des.c...
compiling stm32f4xx_cryp_tdes.c...
compiling stm32f4xx_dac.c...
compiling stm32f4xx_dbgmcu.c...
compiling stm32f4xx_dcmi.c...
compiling stm32f4xx_dma.c...
compiling stm32f4xx_dma2d.c...
compiling stm32f4xx_exti.c...
compiling stm32f4xx_flash.c...
compiling stm32f4xx_flash_ramfunc.c...
compiling stm32f4xx_fmc.c...
compiling stm32f4xx_fmpi2c.c...
compiling stm32f4xx_gpio.c...
compiling stm32f4xx_hash.c...
compiling stm32f4xx_hash_md5.c...
compiling stm32f4xx_hash_sha1.c...
compiling stm32f4xx_i2c.c...
compiling stm32f4xx_iwdg.c...
compiling stm32f4xx_ltdc.c...
compiling stm32f4xx_pwr.c...
compiling stm32f4xx_qspi.c...
compiling stm32f4xx_rcc.c...
compiling stm32f4xx_rng.c...
compiling stm32f4xx_rtc.c...
compiling stm32f4xx_sai.c...
compiling stm32f4xx_sdio.c...
compiling stm32f4xx_spdifrx.c...
compiling stm32f4xx_spi.c...
compiling stm32f4xx_syscfg.c...
compiling stm32f4xx_tim.c...
compiling stm32f4xx_usart.c...
compiling stm32f4xx_wwdg.c...
compiling main.c...
compiling stm32f4xx_it.c...
compiling bsp_key.c...
compiling bsp_led.c...
linking...
Program Size: Code=3452 RO-data=460 RW-data=36 ZI-data=1636  
FromELF: creating hex file...
"..\..\Output\STM32F429_Test.axf" - 0 Error(s), 0 Warning(s).
\..\Libraries\STM32F4xx_StdPeriph_Driver\src\stm32f4xx_cryp.c(164): error:  #5: cannot open source input file "stm32f4xx_cryp.h": No such file or directory
  #include "stm32f4xx_cryp.h"
..\..\Libraries\STM32F4xx_StdPeriph_Driver\src\stm32f4xx_cryp.c: 0 warnings, 1 error
compiling stm32f4xx_cryp_aes.c...
..\..\Libraries\STM32F4xx_StdPeriph_Driver\src\stm32f4xx_cryp_aes.c(55): error:  #5: cannot open source input file "stm32f4xx_cryp.h": No such file or directory
  #include "stm32f4xx_cryp.h"
..\..\Libraries\STM32F4xx_StdPeriph_Driver\src\stm32f4xx_cryp_aes.c: 0 warnings, 1 error
compiling stm32f4xx_cryp_des.c...
..\..\Libraries\STM32F4xx_StdPeriph_Driver\src\stm32f4xx_cryp_des.c(48): error:  #5: cannot open source input file "stm32f4xx_cryp.h": No such file or directory
  #include "stm32f4xx_cryp.h"
..\..\Libraries\STM32F4xx_StdPeriph_Driver\src\stm32f4xx_cryp_des.c: 0 warnings, 1 error
compiling stm32f4xx_cryp_tdes.c...
..\..\Libraries\STM32F4xx_StdPeriph_Driver\src\stm32f4xx_cryp_tdes.c(48): error:  #5: cannot open source input file "stm32f4xx_cryp.h": No such file or directory
  #include "stm32f4xx_cryp.h"
..\..\Libraries\STM32F4xx_StdPeriph_Driver\src\stm32f4xx_cryp_tdes.c: 0 warnings, 1 error
compiling stm32f4xx_dac.c...
..\..\Libraries\STM32F4xx_StdPeriph_Driver\src\stm32f4xx_dac.c(131): error:  #5: cannot open source input file "stm32f4xx_dac.h": No such file or directory
  #include "stm32f4xx_dac.h"
..\..\Libraries\STM32F4xx_StdPeriph_Driver\src\stm32f4xx_dac.c: 0 warnings, 1 error
compiling stm32f4xx_dbgmcu.c...
..\..\Libraries\STM32F4xx_StdPeriph_Driver\src\stm32f4xx_dbgmcu.c(29): error:  #5: cannot open source input file "stm32f4xx_dbgmcu.h": No such file or directory
  #include "stm32f4xx_dbgmcu.h"
..\..\Libraries\STM32F4xx_StdPeriph_Driver\src\stm32f4xx_dbgmcu.c: 0 warnings, 1 error
compiling stm32f4xx_dcmi.c...
..\..\Libraries\STM32F4xx_StdPeriph_Driver\src\stm32f4xx_dcmi.c(86): error:  #5: cannot open source input file "stm32f4xx_dcmi.h": No such file or directory
  #include "stm32f4xx_dcmi.h"
..\..\Libraries\STM32F4xx_StdPeriph_Driver\src\stm32f4xx_dcmi.c: 0 warnings, 1 error
compiling stm32f4xx_dma.c...
..\..\Libraries\STM32F4xx_StdPeriph_Driver\src\stm32f4xx_dma.c(124): error:  #5: cannot open source input file "stm32f4xx_dma.h": No such file or directory
  #include "stm32f4xx_dma.h"
..\..\Libraries\STM32F4xx_StdPeriph_Driver\src\stm32f4xx_dma.c: 0 warnings, 1 error
compiling stm32f4xx_dma2d.c...
..\..\Libraries\STM32F4xx_StdPeriph_Driver\src\stm32f4xx_dma2d.c(58): error:  #5: cannot open source input file "stm32f4xx_dma2d.h": No such file or directory
  #include "stm32f4xx_dma2d.h"
..\..\Libraries\STM32F4xx_StdPeriph_Driver\src\stm32f4xx_dma2d.c: 0 warnings, 1 error
compiling stm32f4xx_exti.c...
..\..\Libraries\STM32F4xx_StdPeriph_Driver\src\stm32f4xx_exti.c(67): error:  #5: cannot open source input file "stm32f4xx_exti.h": No such file or directory
  #include "stm32f4xx_exti.h"
..\..\Libraries\STM32F4xx_StdPeriph_Driver\src\stm32f4xx_exti.c: 0 warnings, 1 error
compiling stm32f4xx_flash.c...
..\..\Libraries\STM32F4xx_StdPeriph_Driver\src\stm32f4xx_flash.c(72): error:  #5: cannot open source input file "stm32f4xx_flash.h": No such file or directory
  #include "stm32f4xx_flash.h"
..\..\Libraries\STM32F4xx_StdPeriph_Driver\src\stm32f4xx_flash.c: 0 warnings, 1 error
compiling stm32f4xx_flash_ramfunc.c...
..\..\Libraries\STM32F4xx_StdPeriph_Driver\src\stm32f4xx_flash_ramfunc.c(58): error:  #5: cannot open source input file "stm32f4xx_flash_ramfunc.h": No such file or directory
  #include "stm32f4xx_flash_ramfunc.h"
..\..\Libraries\STM32F4xx_StdPeriph_Driver\src\stm32f4xx_flash_ramfunc.c: 0 warnings, 1 error
compiling stm32f4xx_fmc.c...
..\..\Libraries\STM32F4xx_StdPeriph_Driver\src\stm32f4xx_fmc.c(36): error:  #5: cannot open source input file "stm32f4xx_fmc.h": No such file or directory
  #include "stm32f4xx_fmc.h"
..\..\Libraries\STM32F4xx_StdPeriph_Driver\src\stm32f4xx_fmc.c: 0 warnings, 1 error
compiling stm32f4xx_fmpi2c.c...
..\..\Libraries\STM32F4xx_StdPeriph_Driver\src\stm32f4xx_fmpi2c.c(79): error:  #5: cannot open source input file "stm32f4xx_fmpi2c.h": No such file or directory
  #include "stm32f4xx_fmpi2c.h"
..\..\Libraries\STM32F4xx_StdPeriph_Driver\src\stm32f4xx_fmpi2c.c: 0 warnings, 1 error
compiling stm32f4xx_gpio.c...
..\..\Libraries\STM32F4xx_StdPeriph_Driver\src\stm32f4xx_gpio.c(84): error:  #5: cannot open source input file "stm32f4xx_gpio.h": No such file or directory
  #include "stm32f4xx_gpio.h"
..\..\Libraries\STM32F4xx_StdPeriph_Driver\src\stm32f4xx_gpio.c: 0 warnings, 1 error
compiling stm32f4xx_hash.c...
..\..\Libraries\STM32F4xx_StdPeriph_Driver\src\stm32f4xx_hash.c(123): error:  #5: cannot open source input file "stm32f4xx_hash.h": No such file or directory
  #include "stm32f4xx_hash.h"
..\..\Libraries\STM32F4xx_StdPeriph_Driver\src\stm32f4xx_hash.c: 0 warnings, 1 error
compiling stm32f4xx_hash_md5.c...
..\..\Libraries\STM32F4xx_StdPeriph_Driver\src\stm32f4xx_hash_md5.c(47): error:  #5: cannot open source input file "stm32f4xx_hash.h": No such file or directory
  #include "stm32f4xx_hash.h"
..\..\Libraries\STM32F4xx_StdPeriph_Driver\src\stm32f4xx_hash_md5.c: 0 warnings, 1 error
compiling stm32f4xx_hash_sha1.c...
..\..\Libraries\STM32F4xx_StdPeriph_Driver\src\stm32f4xx_hash_sha1.c(47): error:  #5: cannot open source input file "stm32f4xx_hash.h": No such file or directory
  #include "stm32f4xx_hash.h"
..\..\Libraries\STM32F4xx_StdPeriph_Driver\src\stm32f4xx_hash_sha1.c: 0 warnings, 1 error
compiling stm32f4xx_i2c.c...
..\..\Libraries\STM32F4xx_StdPeriph_Driver\src\stm32f4xx_i2c.c(92): error:  #5: cannot open source input file "stm32f4xx_i2c.h": No such file or directory
  #include "stm32f4xx_i2c.h"
..\..\Libraries\STM32F4xx_StdPeriph_Driver\src\stm32f4xx_i2c.c: 0 warnings, 1 error
compiling stm32f4xx_iwdg.c...
..\..\Libraries\STM32F4xx_StdPeriph_Driver\src\stm32f4xx_iwdg.c(85): error:  #5: cannot open source input file "stm32f4xx_iwdg.h": No such file or directory
  #include "stm32f4xx_iwdg.h"
..\..\Libraries\STM32F4xx_StdPeriph_Driver\src\stm32f4xx_iwdg.c: 0 warnings, 1 error
compiling stm32f4xx_ltdc.c...
..\..\Libraries\STM32F4xx_StdPeriph_Driver\src\stm32f4xx_ltdc.c(76): error:  #5: cannot open source input file "stm32f4xx_ltdc.h": No such file or directory
  #include "stm32f4xx_ltdc.h"
..\..\Libraries\STM32F4xx_StdPeriph_Driver\src\stm32f4xx_ltdc.c: 0 warnings, 1 error
compiling stm32f4xx_pwr.c...
..\..\Libraries\STM32F4xx_StdPeriph_Driver\src\stm32f4xx_pwr.c(38): error:  #5: cannot open source input file "stm32f4xx_pwr.h": No such file or directory
  #include "stm32f4xx_pwr.h"
..\..\Libraries\STM32F4xx_StdPeriph_Driver\src\stm32f4xx_pwr.c: 0 warnings, 1 error
compiling stm32f4xx_qspi.c...
..\..\Libraries\STM32F4xx_StdPeriph_Driver\src\stm32f4xx_qspi.c(82): error:  #5: cannot open source input file "stm32f4xx_qspi.h": No such file or directory
  #include "stm32f4xx_qspi.h"
..\..\Libraries\STM32F4xx_StdPeriph_Driver\src\stm32f4xx_qspi.c: 0 warnings, 1 error
compiling stm32f4xx_rcc.c...
..\..\Libraries\STM32F4xx_StdPeriph_Driver\src\stm32f4xx_rcc.c(59): error:  #5: cannot open source input file "stm32f4xx_rcc.h": No such file or directory
  #include "stm32f4xx_rcc.h"
..\..\Libraries\STM32F4xx_StdPeriph_Driver\src\stm32f4xx_rcc.c: 0 warnings, 1 error
compiling stm32f4xx_rng.c...
..\..\Libraries\STM32F4xx_StdPeriph_Driver\src\stm32f4xx_rng.c(56): error:  #5: cannot open source input file "stm32f4xx_rng.h": No such file or directory
  #include "stm32f4xx_rng.h"
..\..\Libraries\STM32F4xx_StdPeriph_Driver\src\stm32f4xx_rng.c: 0 warnings, 1 error
compiling stm32f4xx_rtc.c...
..\..\Libraries\STM32F4xx_StdPeriph_Driver\src\stm32f4xx_rtc.c(285): error:  #5: cannot open source input file "stm32f4xx_rtc.h": No such file or directory
  #include "stm32f4xx_rtc.h"
..\..\Libraries\STM32F4xx_StdPeriph_Driver\src\stm32f4xx_rtc.c: 0 warnings, 1 error
compiling stm32f4xx_sai.c...
..\..\Libraries\STM32F4xx_StdPeriph_Driver\src\stm32f4xx_sai.c(126): error:  #5: cannot open source input file "stm32f4xx_sai.h": No such file or directory
  #include "stm32f4xx_sai.h"
..\..\Libraries\STM32F4xx_StdPeriph_Driver\src\stm32f4xx_sai.c: 0 warnings, 1 error
compiling stm32f4xx_sdio.c...
..\..\Libraries\STM32F4xx_StdPeriph_Driver\src\stm32f4xx_sdio.c(156): error:  #5: cannot open source input file "stm32f4xx_sdio.h": No such file or directory
  #include "stm32f4xx_sdio.h"
..\..\Libraries\STM32F4xx_StdPeriph_Driver\src\stm32f4xx_sdio.c: 0 warnings, 1 error
compiling stm32f4xx_spdifrx.c...
..\..\Libraries\STM32F4xx_StdPeriph_Driver\src\stm32f4xx_spdifrx.c(34): error:  #5: cannot open source input file "stm32f4xx_spdifrx.h": No such file or directory
  #include "stm32f4xx_spdifrx.h"
..\..\Libraries\STM32F4xx_StdPeriph_Driver\src\stm32f4xx_spdifrx.c: 0 warnings, 1 error
compiling stm32f4xx_spi.c...
..\..\Libraries\STM32F4xx_StdPeriph_Driver\src\stm32f4xx_spi.c(159): error:  #5: cannot open source input file "stm32f4xx_spi.h": No such file or directory
  #include "stm32f4xx_spi.h"
..\..\Libraries\STM32F4xx_StdPeriph_Driver\src\stm32f4xx_spi.c: 0 warnings, 1 error
compiling stm32f4xx_syscfg.c...
..\..\Libraries\STM32F4xx_StdPeriph_Driver\src\stm32f4xx_syscfg.c(50): error:  #5: cannot open source input file "stm32f4xx_syscfg.h": No such file or directory
  #include "stm32f4xx_syscfg.h"
..\..\Libraries\STM32F4xx_StdPeriph_Driver\src\stm32f4xx_syscfg.c: 0 warnings, 1 error
compiling stm32f4xx_tim.c...
..\..\Libraries\STM32F4xx_StdPeriph_Driver\src\stm32f4xx_tim.c(119): error:  #5: cannot open source input file "stm32f4xx_tim.h": No such file or directory
  #include "stm32f4xx_tim.h"
..\..\Libraries\STM32F4xx_StdPeriph_Driver\src\stm32f4xx_tim.c: 0 warnings, 1 error
compiling stm32f4xx_usart.c...
..\..\Libraries\STM32F4xx_StdPeriph_Driver\src\stm32f4xx_usart.c(92): error:  #5: cannot open source input file "stm32f4xx_usart.h": No such file or directory
  #include "stm32f4xx_usart.h"
..\..\Libraries\STM32F4xx_StdPeriph_Driver\src\stm32f4xx_usart.c: 0 warnings, 1 error
compiling stm32f4xx_wwdg.c...
..\..\Libraries\STM32F4xx_StdPeriph_Driver\src\stm32f4xx_wwdg.c(84): error:  #5: cannot open source input file "stm32f4xx_wwdg.h": No such file or directory
  #include "stm32f4xx_wwdg.h"
..\..\Libraries\STM32F4xx_StdPeriph_Driver\src\stm32f4xx_wwdg.c: 0 warnings, 1 error
compiling main.c...
..\..\User\main.c(2): error:  #5: cannot open source input file "bsp_led.h": No such file or directory
  #include "bsp_led.h"
..\..\User\main.c: 0 warnings, 1 error
compiling stm32f4xx_it.c...
compiling bsp_key.c...
..\..\User\key\bsp_key.c(33): error:  #20: identifier "GPIO_InitTypeDef" is undefined
        GPIO_InitTypeDef GPIO_InitStructure;
..\..\User\key\bsp_key.c(36): warning:  #223-D: function "RCC_AHB1PeriphClockCmd" declared implicitly
        RCC_AHB1PeriphClockCmd(KEY1_GPIO_CLK,ENABLE);
..\..\User\key\bsp_key.c(36): error:  #20: identifier "RCC_AHB1Periph_GPIOA" is undefined
        RCC_AHB1PeriphClockCmd(KEY1_GPIO_CLK,ENABLE);
..\..\User\key\bsp_key.c(39): error:  #20: identifier "GPIO_Pin_0" is undefined
        GPIO_InitStructure.GPIO_Pin = KEY1_PIN; 
..\..\User\key\bsp_key.c(42): error:  #20: identifier "GPIO_Mode_IN" is undefined
        GPIO_InitStructure.GPIO_Mode = GPIO_Mode_IN; 
..\..\User\key\bsp_key.c(45): error:  #20: identifier "GPIO_PuPd_NOPULL" is undefined
    GPIO_InitStructure.GPIO_PuPd = GPIO_PuPd_NOPULL;
..\..\User\key\bsp_key.c(48): warning:  #223-D: function "GPIO_Init" declared implicitly
        GPIO_Init(KEY1_GPIO_PORT, &GPIO_InitStructure);    
..\..\User\key\bsp_key.c(64): warning:  #223-D: function "GPIO_ReadInputDataBit" declared implicitly
        if(GPIO_ReadInputDataBit(GPIOx,GPIO_Pin) == KEY_ON )  
..\..\User\key\bsp_key.c: 3 warnings, 5 errors
compiling bsp_led.c...
..\..\User\led\bsp_led.c(6): error:  #20: identifier "GPIO_InitTypeDef" is undefined
                GPIO_InitTypeDef GPIO_InitStructure;
..\..\User\led\bsp_led.c(9): warning:  #223-D: function "RCC_AHB1PeriphClockCmd" declared implicitly
                RCC_AHB1PeriphClockCmd ( LED1_GPIO_CLK,ENABLE); 
..\..\User\led\bsp_led.c(9): error:  #20: identifier "RCC_AHB1Periph_GPIOD" is undefined
                RCC_AHB1PeriphClockCmd ( LED1_GPIO_CLK,ENABLE); 
..\..\User\led\bsp_led.c(12): error:  #20: identifier "GPIO_Pin_12" is undefined
                GPIO_InitStructure.GPIO_Pin = LED1_PIN; 
..\..\User\led\bsp_led.c(15): error:  #20: identifier "GPIO_Mode_OUT" is undefined
                GPIO_InitStructure.GPIO_Mode = GPIO_Mode_OUT;   
..\..\User\led\bsp_led.c(18): error:  #20: identifier "GPIO_OType_PP" is undefined
      GPIO_InitStructure.GPIO_OType = GPIO_OType_PP;
..\..\User\led\bsp_led.c(21): error:  #20: identifier "GPIO_PuPd_UP" is undefined
      GPIO_InitStructure.GPIO_PuPd = GPIO_PuPd_UP;
..\..\User\led\bsp_led.c(24): error:  #20: identifier "GPIO_Speed_2MHz" is undefined
                GPIO_InitStructure.GPIO_Speed = GPIO_Speed_2MHz; 
..\..\User\led\bsp_led.c(27): warning:  #223-D: function "GPIO_Init" declared implicitly
                GPIO_Init(LED1_GPIO_PORT, &GPIO_InitStructure); 
..\..\User\led\bsp_led.c: 2 warnings, 7 errors
".\STM32F429_Test.axf" - 52 Error(s), 5 Warning(s).
Target not created
