<html>
<body>
<pre>
<h1>µVision Build Log</h1>
<h2>Project:</h2>
D:\51ºÍAVR¹¤³Ì\MDK5\STM32F429\STM32F429_Test\Project\RVMDK£¨uv5£©\STM32F429_Test.uvproj
Project File Date:  08/20/2017

<h2>Output:</h2>
Rebuild target 'STM32F429_Test'
assembling startup_stm32f429_439xx.s...
compiling system_stm32f4xx.c...
compiling misc.c...
compiling stm32f4xx_adc.c...
compiling stm32f4xx_can.c...
compiling stm32f4xx_cec.c...
compiling stm32f4xx_crc.c...
compiling stm32f4xx_cryp.c...
compiling stm32f4xx_cryp_aes.c...
compiling stm32f4xx_cryp_des.c...
compiling stm32f4xx_cryp_tdes.c...
compiling stm32f4xx_dac.c...
compiling stm32f4xx_dbgmcu.c...
compiling stm32f4xx_dcmi.c...
compiling stm32f4xx_dma.c...
compiling stm32f4xx_dma2d.c...
compiling stm32f4xx_exti.c...
compiling stm32f4xx_flash.c...
compiling stm32f4xx_flash_ramfunc.c...
compiling stm32f4xx_fmc.c...
compiling stm32f4xx_fmpi2c.c...
compiling stm32f4xx_gpio.c...
compiling stm32f4xx_hash.c...
compiling stm32f4xx_hash_md5.c...
compiling stm32f4xx_hash_sha1.c...
compiling stm32f4xx_i2c.c...
compiling stm32f4xx_iwdg.c...
compiling stm32f4xx_ltdc.c...
compiling stm32f4xx_pwr.c...
compiling stm32f4xx_qspi.c...
compiling stm32f4xx_rcc.c...
compiling stm32f4xx_rng.c...
compiling stm32f4xx_rtc.c...
compiling stm32f4xx_sai.c...
compiling stm32f4xx_sdio.c...
compiling stm32f4xx_spdifrx.c...
compiling stm32f4xx_spi.c...
compiling stm32f4xx_syscfg.c...
compiling stm32f4xx_tim.c...
compiling stm32f4xx_usart.c...
compiling stm32f4xx_wwdg.c...
compiling main.c...
compiling stm32f4xx_it.c...
compiling bsp_key.c...
compiling bsp_led.c...
compiling bsp_debug_usart.c...
compiling bsp_spi_flash.c...
compiling bsp_sdram.c...
linking...
Program Size: Code=13608 RO-data=488 RW-data=116 ZI-data=1088  
FromELF: creating hex file...
"..\..\Output\STM32F429_Test.axf" - 0 Error(s), 0 Warning(s).
Load "..\\..\\Output\\STM32F429_Test.axf" 
Erase Done.
Programming Done.
Verify OK.
Application running ...
32F429_Test.axf" 
Erase Done.
Programming Done.
Verify OK.
Application running ...
).
Target not created
Flash Download failed  -  Target DLL has been cancelled
Load "..\\..\\Output\\STM32F429_Test.axf" 
Internal DLL Error
Error: Flash Download failed  -  Target DLL has been cancelled
Load "..\\..\\Output\\STM32F429_Test.axf" 
Erase Done.
Programming Done.
Verify OK.
